cá mập buông mồi , chìm xuống , nuốt vội chỗ thịt đã ngoạm được trong cơn hấp hối . Chiếc thuyền vẫn cứ chao đảo bởi sức tàn phá của con cá mập còn lại vào con cá; ông lão buông chùng dây lèo buồm để con t
huyền lạng sang bên làm con cá mập phải hiện ra . Khi nhìn thấy , lão cúi người qua mạn phóng mũi dao vào nó . Lão mới chỉ chạm vào phần thịt bởi da cá mập rất cứng và lão khó có thể thọc sâu lưỡi dao xuốn
g . Cú đâm dội lại không chỉ làm buốt đôi tay mà còn làm đau cả vai lão nữa . Nhưng con cá mập lại trồi nhanh đầu lên , ông lão đâm thẳng xuống đỉnh đầu bẹt khi mũi nó nhô khỏi mặt nước , áp chặt vào con cá
 . ông lão rút dao ra rồi đâm trở lại ngay chính chỗ ấy . Nó vẫn bám chặt con cá bởi bộ hàm đã ngoạm vào , ông lão đâm vào mắt trái . Con cá mập vẫn cứ đeo cứng . “Không hả” ccc  ” , ông lão nói rồi phóng dao đ
âm vào giữa điểm nối xương sống và não . Lúc này , cú đâm đã dễ dàng , lão cảm thấy chỗ xương sụn vỡ tan . ông lão rút mái chèo lách lưỡi dao vào giữa hàm con cá mập , cạy mở . Lão xoYy lưỡi dao và khi con cá
 mập buông ra Lão nói . “Cút đi galanos . Cứ chìm sâu cả ngàn thước . Đi mà gặp bạn mày , hay gặp con ********* ấy” . ông lão chùi lưỡi dao rồi đặt cây chèo nằm xuống . Lão tìm dây lèo buồm , cánh buồm no gió ,
 lão đưa con thuyền vào bờ . “Bọn chúng đã xơi hết một phần tư con cá , mà lại vào chỗ thịt ngon nhất nữa cơ chứ” , lão nói lớn . “Giá mà đây chỉ là giấc mộng và ta chưa hề câu được nó . Ta lấy làm tiếc về đ
iều đó , cá à . Nó khiến mọi chuyện hỏng bét cả rồi” . Lão ngừng lại và bây giờ không muốn nhìn con cá nữa . Kiệt máu và bềnh bồng trên sóng , trông con cá có màu bạc xỉn của lớp thủy tráng gương nhưng những
 cái sọc của nó vẫn rõ nét . “Lẽ ra ta đừng nên đi quá xa , cá à” , lão nói . “Không nên đối với mày và cả đối với ta . Ta lấy làm tiếc , cá à” . Nào , lão tự nhủ . Hãy nhìn sợi dây buộc dao xem nó có bị đứt khô
ng . Rồi chuẩn bị sẵn sàng bởi vì những con khác sẽ đến . “Giá mà mình có hòn đá mài dao” , lão nói sau lúc kiểm tra xong sợi dây buộc lưỡi dao vào mái chèo . “Lẽ ra mình nên mang theo hòn đá ấy” . Lẽ ra mày
 phải mang theo nhiều thứ , lão nghĩ . Nhưng mày đã không mang , lão già ơi . Giờ thì không phải lúc nghĩ về những thứ mày mang hay không mang . Hãy nghĩ về những việc mày có thể xoay xở với những dụng cụ có
 sẵn ở đây . “Mày răn bảo tao quá nhiều lời hay hớm rồi đấy” , lão nói lớn . “Tao mệt mỏi lắm rồi” . Lão cặp tay lái vào nách và nhúng cả hai bàn tay xuống nước khi con thuyền lướt về phía trước . “Lạy Chúa ,
 cái con cuối cùng ấy đớp mới nhiều làm sao” , lão nói . “Nhưng bây giờ con thuyền đã nhẹ hơn nhiều” . Lão không muốn nghĩ đến cái bụng dưới rách  Trang 43/51     nát của con cá . Lão biết mỗi cú giật rung 
của con cá mập thì một mảng thịt bị rứt đi và bây giờ con cá lại để lại một vệt máu loang rộng , trải dài như con đường cao tốc trên đại dương cho họ hàng lũ lĩ nhà cá mập kia . Con cá này có thể nuôi sốn
g một người suốt cả mùa đông , lão nghĩ . Đừng nghĩ về điều đó nữa . Hãy nghỉ ngơi và xoa dịu đôi tay để bảo vệ chỗ thịt cá còn lại . Bây giờ với tất cả khối mùi vị ấy trong nước , mùi máu từ đôi tay mình sẽ
 chẳng nghĩa lý gì cả . Vả lại chúng không chảy nhiều máu . Bất kì vết cắt nào cũng đâu phải hoàn toàn vô giá trị . Không chừng , chỗ máu chảy kia sẽ ngăn bàn tay trái khỏi chứng chuột rút . Bây giờ mình có 
thể nghĩ về cái gì nhỉ ccc  Lão nghĩ . Chẳng gì cả . Mình phải không suy nghĩ và chờ đợi những con sắp đến . Giá mà chuyện này chỉ là giấc mơ thật , lão nghĩ . Nhưng ai biết được ccc  Không chừng nó lại hóa ra t
ốt lành . Con cá mập tiếp theo đi một mình , thuộc loài mũi - xẻng . Nó lao tới như con lợn xông vào máng ăn nếu con lợn ấy có cái mõm rộng đủ để bạn đút lọt đầu mình vào . ông lão chờ nó đớp con cá rồi phó
ng mũi dao đầu mái chèo vào não nó . Con cá mập trằn mạnh người ra sau , lúc nó lăn tròn lưỡi dao gãy . ông lão cầm lấy tay lái . Thậm chí lão cũng chẳng buồn nhìn con cá mập đồ sộ từ từ chìm xuống nước , lú
c đầu còn giữ nguyên kích cỡ , rồi nhỏ dần chỉ còn một chấm nhỏ . Cảnh ấy luôn hấp dẫn lão . Nhưng bây giờ lão cũng chẳng buồn liếc mắt nhìn . “Bây giờ ta còn cây sào móc” , lão nói . “Nhưng cây sào ấy chẳng 
giúp ích gì nhiều . Ta cũng còn hai mái chèo , tay lái và cái chày ngắn” . Giờ thì chúng thắng ta rồi , lão nghĩ . Còn ta thì đã quá già để có thể vung chày đập chết lũ cá mập kia . Nhưng ta sẽ cố cầm cự nếu 
trong tay còn hai mái chèo , cái chày ngắn và tay lái . Lão lại nhúng tay xuống biển . Chiều đang xế , lão chẳng nhìn thấy gì cả ngoài mặt biển và bầu trời . Gió thổi mạnh hơn lúc trước , và lão hi vọng chẳng
 mấy chốc lão sẽ về đến đất liền . “Mày đã rã rời , lão già kia” , lão nói . “Mày rã rời đến tận xương tủy” . Lũ cá mập không tiếp tục tấn công mãi cho đến ngay trước khi mặt trời lặn . ông lão nhìn thấy mấy 
chiếc vi xám lao theo vệt hơi rộng mà con cá kiếm hẳn đã để lại trong nước . Chúng thậm chí không thèm tản ra đánh hơi . Cùng sánh đôi , chúng bơi thẳng đến con thuyền . Lão chèn tay lái , buộc chặt dây lèo 
buồm rồi đưa tay xuống đuôi thuyền tìm cái chày . Đấy là khúc cán được cưa từ mái chèo gãy , dài chừng tám tấc . Lão chỉ có thể sử dụng nó hiệu quả bằng một tay bởi chỗ tay nắm của nó chỉ vừa vặn với một b
àn tay; tay phải lão đã nắm chắc cái chày trong lúc lão nhìn lũ cá mập xông đến . Cả hai con thuộc loài galanos . Mình phải để con đầu tiên ngoặm chặt rồi mới nện nó vào ngay giữa mũi hay giã thẳng vào đỉ
nh đầu , lão nghĩ . Hai con cá mập cùng tiến sát và khi thấy con gần lão há mồm cắn phập vào bên lườn ánh bạc của con cá thì lão nâng cao cái chày , dốc sức bình sinh giáng ngay xuống đỉnh đầu rộng của con
 cá mập . Khi chạm xuống , lão cảm thấy cái chày chùng lại như chạm phải lớp cao su rắn . Nhưng lão cũng cảm nhận được độ cứng của xương rồi lão giáng thêm một đòn cật lực vào chóp mũi của con cá mập khi n
ó trượt khỏi con cá . Con cá mập kia cứ nhào vào táp rồi lùi ra , bây giờ nó lại ngoác to mồm xông vào . ông lão có thể nhìn thấy những dải thịt cá kéo thành vệt trắng trong khóe hàm con cá mập khi nó lao 
vào con cá kiếm và khớp mõm xuống . Lão chồm người bổ một đòn nhưng chỉ trúng vào đầu nó , con cá mập nhìn lão rồi bứt nốt chỗ thịt đã bị cắn rời ra . ông lão lại vung chày giã xuống khi nó lảng ra nuốt , c
ái chày chỉ đánh trúng lớp thịt dày , chắc như cao su . “Nhào vô đi , GALANOS” , ông lão nói .  Trang 44/51     “Hãy lại nhào vô xem” . Con cá mập xốc thẳng tới và khi nó vập hàm xuống , lão giáng cho nó một c
hày . Lão giáng cật lực từ độ cao mà lão có thể nâng cái chày hết cỡ . Lần này lão cảm nhận được lớp xương sọ , rồi lão lại quật tiếp vào ngay chỗ ấy trong lúc con cá mập lờ đờ kéo đứt miếng thịt chìm xuốn
g . ông lão chờ nó lại xông đến nhưng chẳng thấy tăm hơi đâu cả . Rồi lão thấy một con đang lượn vòng trên mặt nước . Lão không thấy vi của con kia . Mình không hi vọng giết được chúng , lão nghĩ . Như mình c
ó thể làm thuở còn trai trẻ . Nhưng mình đã đánh chúng bị thương nặng và cả hai con cá mập ấy đều đã choáng váng . Nếu mình có thể cầm cái chày bằng cả hai tay thì chắc mình đã hạ gục con đầu tiên rồi . Th
ậm chí ngay cả bây giờ , lão nghĩ . Lão chẳng muốn nhìn con cá . Lão biết nó đã bị hủy hoại mất một nửa . Mặt trời đã lặn trong lúc lão đang kịch chiến với hai con cá mập . “Chốc nữa trời sẽ tối” , lão nói . “
Rồi mình sẽ nhìn thấy ánh đèn Havana . Nếu mình đi quá xa về hướng Đông thì mình cũng thấy ánh đèn của một trong những bãi biển mới” . Bây giờ mình không còn xa quá nữa , lão nghĩ . Mình hy vọng không có ai
 phải lo lắng nhiều . Dĩ nhiên chỉ có mỗi thằng bé lo mà thôi . Nhưng mình chắc nó vẫn tin tưởng . Nhiều bạn chài luống tuổi cũng sẽ lo lắng . Nhiều người khác cũng vậy , lão nghĩ . Mình sống trong một thành 
phố nghĩa tình . Lão không thể nói chuyện với con cá được nữa bởi lẽ nó đã bị xâu xé nát tươm cả rồi . Lát sau đầu lão chợt nảy ra ý tưởng . “Nửa con cá kia ơi” , lão nói . “Cá à , trước khi mày là thế đấy . T
a ân hận vì đã đi quá xa . Ta đã hủy hoại cả hai chúng mình . Nhưng chúng ta đã tiêu diệt được nhiều cá mập , mày và ta , đã đánh trọng thương nhiều con khác . Mày đã từng giết được bao nhiêu con , hỡi anh bạ
n cá già kia ccc  Cái lưỡi kiếm trên đầu mày chẳng phải vô cớ mà được sinh ra như thế” . Lão thích tưởng tượng về con cá và những gì nó có thể làm đối với một con cá mập nếu nó được tự do bơi lội . Có lẽ mì
nh nên cắt cái lưỡi kiếm để dùng làm vũ khí chiến đấu , lão nghĩ . Nhưng chẳng có cái rìu nhỏ hay con dao nào cả . Nhưng nếu ta có và có thể buộc nó vào mái chèo thì đấy mới đích thực là vũ khí . Rồi chúng 
ta sẽ cùng chiến đấu với bọn chúng . Bây giờ mày sẽ làm gì nếu bọn chúng kéo đến vào ban đêm ccc  Mày có thể làm gì ccc  “Chống lại chúng” , lão nói . “Mình sẽ chống lại chúng cho đến lúc chết” . Nhưng lúc này ,
 trong bóng tối , không một quầng sáng lấp lánh , không một ánh điện , chỉ có gió và con thuyền lững thững trôi , lão cảm nhận như thể lão đã chết tự bao giờ . Lão áp hai bàn tay vào nhau , sờ vào lòng bàn ta
y . Chúng chưa chết và lão có thể cảm nhận nỗi đau đớn bằng cách đơn giản là nắm , mở đôi bàn tay . Lão ngả người tựa lên đuôi thuyền và biết mình chưa chết . Đôi vai đã mách lão điều đó . Mình nhớ đọc tất c
ả những bài kinh khi mình bắt được con cá , lão nghĩ . Nhưng lúc này , mình đã quá mệt để đọc nổi nữa rồi . Tốt hơn là mình nên lấy cái bao đắp lên vai . Lão nằm xuống phía sau thuyền , tay vẫn lái và mắt dõi
 nhìn quầng sáng hắt lên nền trời . Mình còn một nửa , lão nghĩ . Có lẽ vận may sẽ đến giúp mình mang nửa con cá này vào bờ . ít ra thì mình cũng phải có chút may mắn nào đấy . Không , lão nói . Cứ đi quá xa t
hế này thì mày đã tự làm tổn hại cái vận may của mày rồi . “Đừng có ngốc” , lão nói lớn .  Trang 45/51     “Cố mà thức và lái thuyền đi . Không chừng mày lại gặp may nhiều đấy” . “Ta muốn mua một ít may mắn 
nếu nó được bán ở bất cứ nơi nào” , lão nói . Thế ta lấy gì để mua nó đây ccc  Lão tự hỏi . Ta có thể mua nó bằng ngọn lao mất , con dao gãy và đôi tay bị thương ư ccc  “Mày có thể” , lão nói . “Mày cố mua nó bằn
g tám mươi tư ngày đi biển . Suýt nữa nó đã được bán cho mày” .  Trang 46/51     Chương 10 Mình đừng nghĩ vớ vẩn nữa , lão nghĩ . Vận may là thứ đến với vô vàn dáng vẻ , ai có thể nhận diện ra nó ccc  Dẫu sao 
thì mình sẽ nhận một ít trong bất cứ hình thức nào và trả bất kỳ giá nào mà người bán đòi hỏi . Giá mà mình có thể nhìn thấy ánh điện , lão nghĩ . Mình ao ước quá nhiều . Nhưng đấy là thứ mình cần bây giờ . 
Lão cố xoay trở cho thoải mái để lái thuyền và nhờ nỗi đau nhức lão biết mình chưa chết . Vào khoảng mười giờ tối , lão trông thấy ánh đèn thành phố hắt xuống nước . Thoạt tiên , đấy chỉ là thứ ánh sáng man
g máng trên bầu trời như trước lúc mặt trăng mọc . Thoáng chốc chúng hiện rõ ra ở đằng kia đại dương , lúc này đang dậy sóng theo chiều gió mạnh . Lão lái thẳng vào giữa quầng sáng , lão nghĩ chẳng mấy chốc
 kể từ lúc này lão sẽ chạm đến mé dòng nước . Giờ thì đã xong , lão nghĩ . Có lẽ chúng sẽ lại tấn công ta . Nhưng trong đêm tối , không một tấc sắt trong tay , con người có thể làm gì để chống lại chúng ccc  Lú
c này lão đã tê cứng , nhức nhối và cái giá lạnh ban đêm càng làm những vết thương và tất cả những chỗ xây xát trên khắp cơ thể lão đau buốt . Mình hy vọng là sẽ không còn chạm trán với chúng , lão nghĩ . M
ình rất hy vọng mình không phải chạm trán lại với bọn chúng . Nhưng vào lúc nửa đêm lão phải chiến đấu và lần này lão biết cuộc chiến đấu là vô vọng . Chúng kéo đến cả đàn , lão chỉ nhìn thấy những đường n
ước do vây chúng xẻ bơi và những vệt lân tinh khi chúng quăng mình vào con cá . Lão nện chày xuống mấy cái đầu , nghe tiếng răng bập và cảm thấy con thuyền chao đảo khi chúng luồn xuống dưới . Lão vung chà
y tuyệt vọng vào bất cứ chỗ nào lão có thể phỏng đoán hoặc nghe thấy , rồi lão cảm thấy có cái gì đó tóm lấy cái chày , lôi tuột đi . Lão giật cái tay lái ra khỏi ổ lái , cầm cả hai tay đâm , bổ dọc liên hồi
 kì trận . Nhưng bây giờ bọn chúng lại dồn hết đến đằng mũi thuyền , lần lượt thay phiên nhau , hay cả bọn cùng xông vào xâu xé con cá , chỗ thịt chúng rứt được lấp lánh dưới nước khi chúng trở mình để lại 
lao vào . Cuối cùng một con xáp đến đớp vào cái đầu cá , lão biết thế là hết . Lão vung tay lái quật ngang đầu con cá mập chỗ bộ hàm bị kẹp cứng trong xương đầu con cá kiếm mà không thể rứt ra được . Lão qu
ật lần nữa , thêm lần nữa , rồi thêm nữa . Lão nghe tiếng cái tay lái gãy; dùng phần gãy lởm chởm , lão đâm vào con cá mập . Cảm thấy đoạn tay lái cắm phập vào , lão biết nó sắc rồi thọc sâu xuống . Con cá mập
 buông ra , lăn mình đi . Đấy là con cuối cùng của đàn cá mập . Chẳng còn gì nữa để chúng xâu xé . Lúc này lão nặng nề thở và cảm thấy có vị là lạ trong miệng . Vị ấy ngòn ngọt và có mùi tanh đồng; lão thoán
g lo sợ . Nhưng chỗ mùi vị ấy không nhiều . Lão khạc nhổ xuống đại dương rồi nói: “Đớp đi , lũ galanos kia . Và hãy tưởng tượng rằng bọn mày đã giết chết một con người” . Bây giờ lão biết mình đã bại trận ho
àn toàn , không thể nào cứu vãn nổi; lão quay lại đằng lái , tìm đoạn tay lái gãy lởm chởm còn đủ dài để lắp vào ổ lái , đưa thuyền vào bờ . Lão khoác cái bao qua vai rồi lái thuyền theo hướng cũ . Bây giờ , 
tay lái lão nhẹ bẵng và lão chẳng còn nghĩ hay thoáng chút vương vấn gì nữa . Lúc này lão quên hết mọi chuyện và chỉ tập trung đưa con thuyền vào bến khéo léo và an toàn . Trong đêm , đàn cá mập kéo đến gặ
m bộ xương như kiểu ai đó nhặt những mẩu bánh vụn trên bàn . ông lão chẳng buồn bận tâm đến chúng và cũng không để ý đến bất cứ chuyện gì ngoài việc lái thuyền . Bây giờ lão chỉ lưu ý đến độ lướt nhẹ và đ
ằm của con thuyền khi không còn phải đeo thêm cái gánh nặng bên mình . Con thuyền vẫn còn tốt , lão nghĩ . Nó cũng chắc và chẳng hư hại gì ngoài cái tay lái . Cái đó thì dễ thay . Bây giờ lão có thể nhận thấ
y lão đã vào giữa dòng chảy; lão trông thấy ánh đèn trên  Trang 47/51     những bãi biển dọc bờ . Lão biết bây giờ lão đang ở đâu và lối về thì chẳng còn là vấn đề gì nữa . Ngẫm cho cùng thì gió là bạn củ
a ta , lão nghĩ . Rồi lão nghĩ tiếp , chỉ đôi khi . Và cả đại dương bao la với những người bạn lẫn kẻ thù của ta . Và giường chiếu nữa , lão nghĩ . Giường là bạn của ta . Chỉ có giường thôi , lão nghĩ . Giường ch
iếu hẳn là việc trọng đại . Đơn giản làm sao khi mày bị đánh bại , lão nghĩ . Ta chưa hề hình dung chuyện ấy lại đơn giản đến thế . Cái gì làm mày thất bại , lão nghĩ . “Chẳng gì cả” , lão nói lớn . “Ta đã đi q
uá xa” . Khi đưa được thuyền về cái bến nhỏ , đèn nơi Terrace đã tắt , lão biết mọi người đã đi ngủ . Gió không ngừng lớn thêm và bây giờ đang thổi mạnh . Nhưng phía trong bến cảng vẫn yên ả , lão cập thuyền 
vào con lạch nhỏ , đầy sỏi bên dưới ghềnh đá . Do không có người giúp nên lão dốc sức đẩy con thuyền lên đến mức khả năng cho phép . Rồi lão nhảy ra buộc thuyền vào một tảng đá . Lão hạ buồm , quấn lá buồm l
ại và buộc chặt . Rồi lão vác cột buồm dợm chân leo lên . Chỉ đến khi ấy lão mới biết cơ thể lão rã rời đến mức nào . Lão dừng lại nghỉ một lát , ngoái nhìn và thấy ánh đèn đường phản chiếu lên cái đuôi to 
kềnh của con cá đang dựng thẳng đứng bên cạnh đuôi thuyền . Lão thấy cái xương sống vạch thành đường thẳng trụi trần , trắng hếu và cái đầu đồ sộ và đen ngòm với lưỡi kiếm nhô thẳng tới trước mà chẳng còn
 tí thịt da nào . Lão lại tiếp tục leo , lên đến đỉnh dốc lão ngã rồi nằm một lát , cột buồm vẫn vắt ngang qua vai . Lão gượng đứng dậy . Nhưng việc ấy lại quá khó nên lão cứ vác cột buồm ngồi đó nhìn con đư
ờng . Đằng xa , một con mèo đang băng qua đường tìm kiếm cái gì đó , lão nhìn nó . Lát sau lão chỉ nhìn con đường . Cuối cùng lão đặt cột buồm xuống , đứng dậy . Lão dựng cột buồm , vác lên vai rồi tiếp tục đi .
 Lão phải ngồi nghỉ năm lần trước khi về đến lều . Vào trong lều , lão dựng cột buồm tựa vào tường . Lão tìm trong bóng tối ra chai nước và uống một ngụm . Rồi lão nằm xuống giường . Lão kéo cái mền đắp qua 
vai , xuống lưng rồi chân; lão nằm ngủ úp mặt lên lớp báo , hai tay dang rộng , lòng bàn tay ngửa lên . Sáng hôm sau , khi thằng bé nhìn vào lều , ông lão đang ngủ . Trời đang nổi gió lớn đến nỗi thuyền câu kh
ông thể ra khơi; thằng bé dậy muộn rồi tạt qua lều ông lão như nó thường làm vào mỗi buổi sáng . Thằng bé thấy ông lão đang thở và khi nhìn vào đôi bàn tay , nó bật khóc . Nó rón rén bước ra đi mua cà phê 
mang về; suốt con đường dốc nó cứ thổn thức mãi . Nhiều người đánh cá quây quanh con thuyền , ngắm nhìn cái vật được buộc bên mạn , một người xắn quần lội xuống nước dùng dây đo chiều dài bộ xương . Thằng b
é không xuống đấy . Nó đã đến từ trước và một trong những người đánh cá thay nó trông hộ con thuyền . “Bác ấy sao rồi ccc  ” , một trong những người đánh cá hỏi vọng lên . “Đang ngủ” , thằng bé đáp . Nó không b
ận tâm đến việc mọi người nhìn thấy nó khóc . “Đừng để ai đến quấy rầy ông” . “Từ mũi đến đuôi , con cá dài gần sáu mét” , người đang đo xướng lên . “Cháu chắc là thế” , thằng bé nói . Nó đi vào Terrace và hỏi
 mua một lon cà phê . “Thật nóng và cho nhiều sữa , đường vào” . “Cần gì nữa không ccc  ” “Thưa không . Để lát nữa cháu xem ông có thể ăn được gì” .  Trang 48/51     “Con cá thật ra trò” , chủ khách sạn nói . “C
hưa từng có một con cá nào như thế . Kể cả hai cái con đáng mặt mà cháu bắt hôm qua” . “Mấy con cá quèn của cháu ấy mà” , thằng bé nói rồi lại khóc . “Cháu có muốn uống chút gì không ccc  ” , chủ khách sạn hỏi
 . “Thưa không” , thằng bé đáp . “Nhờ bác nhắc hộ họ đừng đến quấy rầy ông Santiago . Cháu sẽ quay lại” . “Chuyển hộ lời hỏi thăm của bác đến ông lão” . “Cám ơn bác” . Thằng bé mang lon cà phê nóng lên lều ông
 lão và ngồi xuống bên cạnh cho đến khi lão thức giấc . Có lúc , trông ông lão như thể sắp tỉnh dậy . Nhưng lão lại chìm vào giấc ngủ vùi; còn thằng bé thì đi qua đường hỏi mượn ít củi về hâm nóng cà phê . 
Rốt cuộc thì lão cũng thức giấc . “ông khoan ngồi dậy hãy” , thằng bé nói . “Cứ uống cái này đi đã” . Nó rót một ít cà phê ra lá . ông lão nhìn chỗ cà phê rồi uống . “Chúng đánh bại ông , Manolin à” , lão nói . 
“Chúng thật sự đã đánh bại ông” . “Nó không đánh bại được ông . Kể cả con cá” . “Anh Pedrico đang trông thuyền và dụng cụ . ông định làm gì với cái đầu cá kia ccc  ” “Để Pedrico chẻ ra dùng bẫy cá” . “Thế còn 
lưỡi kiếm ccc  ” “Nếu cháu thích thì giữ lấy” . “Cháu thích lưỡi kiếm” , thằng bé nói . “Bây giờ ông cháu ta phải lên kế hoạch cho những việc khác” . “Họ có tìm ông không ccc  ” “Dĩ nhiên . Cả thuyền tuần tra bờ
 biển lẫn máy bay” . “Đại dương vô cùng vô tận , thuyền câu thì quá ư nhỏ bé nên khó nhìn thấy” , ông lão nói . Lão nhận thấy được nói chuyện với ai đó thì dễ chịu hơn phải tự nói với chính bản thân mình ha
y với biển cả . “ông nhớ cháu” , lão nói . “Cháu bắt được mấy con ccc  ” “Hôm đầu được một con . Hôm thứ hai được một và hôm thứ ba được hai” .  Trang 49/51     “Giỏi lắm” . “Bây giờ ông cháu ta lại cùng đi câu
” . “Đừng . ông không gặp may mắn . ông chẳng còn may chút nào” . “Vứt quách cái chuyện may rủi ấy đi” , thằng bé nói . “Cháu sẽ mang vận may của cháu theo” . “Gia đình cháu sẽ nói gì ccc  ” “Cháu không quan tâm
 . Hôm qua cháu bắt được hai con . Nhưng bây giờ ông cháu ta sẽ đi câu cùng nhau bởi cháu còn phải học hỏi nhiều điều” . “Ta phải rèn một ngọn lao đâm cá thật tốt và luôn mang theo trên thuyền . Cháu nên cắ
t một lưỡi dao từ lá thép giảm sóc của chiếc xe Ford cũ . Chúng ta có thể mài nó ở Guanabacoa . Phải mài sắc chứ đừng mang nung lửa kẻo nó sẽ gãy . Dao của ông đã gãy” . “Cháu sẽ cắt con dao khác và mang lá
 thép ấy đi mài . Chẳng biết đợt briạa lớn này sẽ kéo dài mất mấy ngày ccc  ” “Có lẽ ba hôm . Không chừng lâu hơn đấy” . “Cháu sẽ chuẩn bị sẵn sàng đủ mọi thứ” , thằng bé nói . “ông nhớ chăm sóc hai bàn tay ch
o lành” . “ông biết cách chữa trị . Hồi đêm ông khạc ra cái gì đó thật lạ và cảm thấy cái gì đó trong ngực bị vỡ” . “Cũng để cái đó bình phục luôn” , thằng bé nói . “ông hãy nằm nghỉ đi , ông ạ; cháu sẽ mang 
chiếc sơ mi sạch của ông đến cho ông . Thêm cái gì đó để ăn” . “Nhớ mang bất cứ tờ báo nào trong khoảng thời gian ông đi vắng đến nhé” , ông lão dặn . “ông phải khỏe lại thật nhanh vì còn nhiều thứ cháu cần
 phải học và ông có thể dạy cháu mọi điều . Chắc ông đã chịu đựng quá nhiều ccc  ” “Nhiều lắm” , ông lão đáp . “Cháu sẽ mang thức ăn và báo đến” , thằng bé nói . “ông cứ nghỉ cho lại sức . Cháu sẽ mua thuốc chữ
a tay từ hiệu thuốc nữa” . “Đừng quên bảo Pedrico cái đầu cá ông cho anh ấy đấy” . “Vâng . Cháu nhớ” . Khi thằng bé ra khỏi cửa , đi xuống con đường rải đá san hô vụn , nó lại khóc . Chiều hôm ấy có đoàn du kh
ách ở Terrace và nhìn xuống khoảng nước ngổn ngang lon bia rỗng và xác cá nhồng , một người phụ nữ trông thấy bộ xương sống dài , trắng phau , cực lớn với chiếc đuôi đồ sộ dính đằng cuối dập dềnh , đung đưa
 theo làn sóng trong lúc gió Đông thổi trên vùng  Trang 50/51     biển cồn sóng không ngớt phía ngoài cửa cảng . “Cái gì kia ccc  ” , bà ta hỏi anh bồi và đưa tay chỉ chiếc xương sống dài của con cá khổng l
ồ , bây giờ chỉ là đồ rác thải đang đợi thủy triều cuốn đi . “Tiburon” , anh bồi đáp . “Cá mập ấy mà” . Anh ta hàm ý giải thích chuyện gì đã xảy ra . “Tôi không ngờ cá mập lại đẹp như thế , dáng đuôi thật duyê
n dáng” . “Anh cũng thế” , bạn trai của bà ta nói . Phía trên đường , trong căn lều , ông lão lại ngủ . Lão vẫn nằm úp mặt ngủ , thằng bé ngồi bên cạnh nhìn lão . Ông lão đang mơ về những con sư tử . Dịch theo b
ản tiếng Anh "The Old Man and the Sea" Bantam Book 1965  Trang 51/51 Powered by TCPDF (www .tcpdf .org)